A51 MACRO ASSEMBLER  IRQVECTOR                                                            03/01/2022 10:41:41 PAGE     1


MACRO ASSEMBLER A51 V8.02b
OBJECT MODULE PLACED IN .\Objects\IRQVector.obj
ASSEMBLER INVOKED BY: C:\Keil\C51\BIN\A51.EXE User\IRQVector.asm INCDIR(.\User) SET(SMALL) DEBUG PRINT(.\Listings\IRQVec
                      tor.lst) OBJECT(.\Objects\IRQVector.obj) EP

LOC  OBJ            LINE     SOURCE

                       1     $nomod51 
                       2     
                       3     ;#include <main.h>
                +1     4     
                +1     5     
                +1     6     
                +1     7     
                +1     8     
                +1     9     
                +1    10     
                +1    11     
                +1    12     
                +1    13     
                +1    14     
                +1    15     
                +1    16     
                +1    17     
                +1    18     
                +1    19     
                +1    20     
                +1    21     
                +1    22     
                +1    23     
                +1    24     
                +1    25     
                +1    26     
                +1    27     
                +1    28     
                +1    29     
                +1    30     
                +1    31     
                +1    32     
                +1    33     
                +1    34     
                +1    35     
                +1    36     
                +1    37     
                +1    38     
                +1    39     
                +1    40     
                +1    41     
                +1    42     
                +1    43     
                +1    44     
                +1    45     
                +1    46     
                +1    47     
                +1    48     
                +1    49     
                +1    50     
                +1    51     
                +1    52     
                +1    53     
                +1    54     
                +1    55     
                +1    56     
                +1    57     
A51 MACRO ASSEMBLER  IRQVECTOR                                                            03/01/2022 10:41:41 PAGE     2

                +1    58     
                +1    59     
                +1    60     
                +1    61     
                +1    62     
                +1    63     
                +1    64     
                +1    65     
                +1    66     
                +1    67     
                +1    68     
                +1    69     
                +1    70     
                +1    71     
                +1    72     
                +1    73     
                +1    74     
                +1    75     
                +1    76     
                +1    77     
                +1    78     
                +1    79     
                +1    80     
                +1    81     
                +1    82     
                +1    83     
                +1    84     
                +1    85     
                +1    86     
                +1    87     
                +1    88     
                +1    89     
                +1    90     
                +1    91     
                +1           
                +1           
                +1           
                +1           
                +1           
                +1           
                +1           
                +1           
                +1   100     
                +1   101     
                +1   102     
                +1   103     
                     104     
                     105     
----                 106     CSEG AT 0003H
0003                 107     ORG 0003H
0003 020803          108         LJMP 0x0800 + 00003H
000B                 109     ORG 000BH
000B 02080B          110         LJMP 0x0800 + 0000BH
0013                 111     ORG 0013H
0013 020813          112         LJMP 0x0800 + 00013H
001B                 113     ORG 001BH
001B 02081B          114         LJMP 0x0800 + 0001BH
0023                 115     ORG 0023H
0023 020823          116         LJMP 0x0800 + 00023H
002B                 117     ORG 002BH
002B 02082B          118         LJMP 0x0800 + 0002BH
0033                 119     ORG 0033H
0033 020833          120         LJMP 0x0800 + 00033H
003B                 121     ORG 003BH
003B 02083B          122         LJMP 0x0800 + 0003BH
0043                 123     ORG 0043H
A51 MACRO ASSEMBLER  IRQVECTOR                                                            03/01/2022 10:41:41 PAGE     3

0043 020843          124         LJMP 0x0800 + 00043H
004B                 125     ORG 004BH
004B 02084B          126         LJMP 0x0800 + 0004BH
0053                 127     ORG 0053H
0053 020853          128         LJMP 0x0800 + 00053H
005B                 129     ORG 005BH
005B 02085B          130         LJMP 0x0800 + 0005BH
0063                 131     ORG 0063H
0063 020863          132         LJMP 0x0800 + 00063H
006B                 133     ORG 006BH
006B 02086B          134         LJMP 0x0800 + 0006BH
0073                 135     ORG 0073H
0073 020873          136         LJMP 0x0800 + 00073H
007B                 137     ORG 007BH
007B 02087B          138         LJMP 0x0800 + 0007BH
                     139     
                     140     END
A51 MACRO ASSEMBLER  IRQVECTOR                                                            03/01/2022 10:41:41 PAGE     4

SYMBOL TABLE LISTING
------ ----- -------


N A M E             T Y P E  V A L U E   ATTRIBUTES



REGISTER BANK(S) USED: 0 


ASSEMBLY COMPLETE.  0 WARNING(S), 0 ERROR(S)
